HTTP/1.1 414 URI Too Long
Content-Type: text/html
Content-Length: #######
Expires: now
Pragma: no-cache
Server: zproxy
Cache-Control: no-cache,no-store

