GET /headers HTTP/1.1
Host: 10.2.1.1:80
User-Agent: curl/VERSION
Accept: */*
X-Forwarded-For: 10.1.1.1
Destination: virtual-destination


