HTTP/1.1 302 Found
Content-Type: text/html
Content-Length: #######
Location: http://example.com/
X-Test: test

