HTTP/1.1 503 Service Unavailable
Content-Type: text/html
Content-Length: #######
Expires: now
Pragma: no-cache
Cache-Control: no-cache,no-store
X-Test: test

